===== 2026-09-17 08:19:04 야간 배치 시작 (cap 500) =====
[수집] 대상 500곳 시작
===== 2026-09-17 12:00:05 야간 배치 시작 (cap 500) =====
[수집] 대상 500곳 시작
  10/500 · ok10/nf0/err0
  20/500 · ok19/nf1/err0
  30/500 · ok23/nf7/err0
  40/500 · ok25/nf15/err0
  50/500 · ok25/nf25/err0
  60/500 · ok25/nf35/err0
  70/500 · ok28/nf42/err0
  80/500 · ok30/nf50/err0
  90/500 · ok32/nf58/err0
  100/500 · ok34/nf66/err0
  110/500 · ok38/nf72/err0
  120/500 · ok40/nf80/err0
  130/500 · ok47/nf83/err0
  140/500 · ok56/nf84/err0
  150/500 · ok62/nf88/err0
  160/500 · ok65/nf95/err0
  170/500 · ok71/nf99/err0
  180/500 · ok74/nf106/err0
  190/500 · ok79/nf111/err0
  200/500 · ok81/nf119/err0
  210/500 · ok83/nf127/err0
  220/500 · ok86/nf134/err0
  230/500 · ok92/nf138/err0
  240/500 · ok97/nf143/err0
  250/500 · ok102/nf148/err0
  260/500 · ok106/nf154/err0
  270/500 · ok107/nf163/err0
  280/500 · ok112/nf168/err0
  290/500 · ok115/nf175/err0
  300/500 · ok117/nf183/err0
  310/500 · ok117/nf193/err0
  320/500 · ok120/nf200/err0
  330/500 · ok121/nf209/err0
  340/500 · ok124/nf216/err0
  350/500 · ok126/nf224/err0
  360/500 · ok127/nf233/err0
  370/500 · ok132/nf238/err0
  380/500 · ok137/nf243/err0
  390/500 · ok144/nf246/err0
  400/500 · ok152/nf248/err0
  410/500 · ok153/nf257/err0
  420/500 · ok156/nf264/err0
  430/500 · ok158/nf272/err0
  440/500 · ok159/nf281/err0
  450/500 · ok163/nf287/err0
  460/500 · ok167/nf293/err0
  470/500 · ok172/nf298/err0
  480/500 · ok178/nf302/err0
  490/500 · ok182/nf308/err0
  500/500 · ok184/nf316/err0
[수집 완료] ok 184 · not_found 316 · error 0
[진행] 명단 5490 · 수집 209 · 미발견 318 · 에러 0 · 남음 4963
===== 2026-09-17 13:37:06 종료 =====
===== 2026-09-18 02:12:30 야간 배치 시작 (cap 600) =====
[수집] 대상 600곳 시작
  10/600 · ok8/nf2/err0
  20/600 · ok18/nf2/err0
  30/600 · ok25/nf5/err0
  40/600 · ok34/nf6/err0
  50/600 · ok42/nf8/err0
  60/600 · ok52/nf8/err0
  70/600 · ok62/nf8/err0
  80/600 · ok71/nf9/err0
  90/600 · ok79/nf11/err0
  100/600 · ok88/nf12/err0
  110/600 · ok98/nf12/err0
  120/600 · ok106/nf14/err0
  130/600 · ok116/nf14/err0
  140/600 · ok125/nf15/err0
  150/600 · ok135/nf15/err0
  160/600 · ok145/nf15/err0
  170/600 · ok152/nf18/err0
  180/600 · ok162/nf18/err0
  190/600 · ok170/nf20/err0
  200/600 · ok179/nf21/err0
  210/600 · ok189/nf21/err0
  220/600 · ok199/nf21/err0
  230/600 · ok208/nf22/err0
  240/600 · ok217/nf23/err0
  250/600 · ok227/nf23/err0
  260/600 · ok237/nf23/err0
  270/600 · ok247/nf23/err0
  280/600 · ok255/nf25/err0
  290/600 · ok264/nf26/err0
  300/600 · ok272/nf28/err0
  310/600 · ok281/nf29/err0
  320/600 · ok291/nf29/err0
  330/600 · ok300/nf30/err0
  340/600 · ok310/nf30/err0
  350/600 · ok320/nf30/err0
  360/600 · ok329/nf31/err0
  370/600 · ok338/nf32/err0
  380/600 · ok348/nf32/err0
  390/600 · ok358/nf32/err0
  400/600 · ok368/nf32/err0
  410/600 · ok378/nf32/err0
  420/600 · ok388/nf32/err0
  430/600 · ok398/nf32/err0
  440/600 · ok407/nf33/err0
  450/600 · ok417/nf33/err0
  460/600 · ok426/nf34/err0
  470/600 · ok436/nf34/err0
  480/600 · ok446/nf34/err0
  490/600 · ok454/nf36/err0
  500/600 · ok461/nf39/err0
  510/600 · ok471/nf39/err0
  520/600 · ok480/nf40/err0
  530/600 · ok489/nf41/err0
  540/600 · ok499/nf41/err0
  550/600 · ok509/nf41/err0
  560/600 · ok518/nf42/err0
  570/600 · ok528/nf42/err0
  580/600 · ok538/nf42/err0
  590/600 · ok548/nf42/err0
  600/600 · ok558/nf42/err0
[수집 완료] ok 558 · not_found 42 · error 0
[진행] 명단 5490 · 수집 767 · 미발견 42 · 에러 0 · 남음 4681
===== 2026-09-18 08:08:34 종료 =====
===== 2026-09-19 02:11:46 야간 배치 시작 (cap 600) =====
[수집] 대상 600곳 시작
  10/600 · ok9/nf1/err0
  20/600 · ok17/nf2/err1
  30/600 · ok26/nf3/err1
  40/600 · ok35/nf4/err1
  50/600 · ok45/nf4/err1
  60/600 · ok55/nf4/err1
  70/600 · ok65/nf4/err1
  80/600 · ok75/nf4/err1
  90/600 · ok84/nf5/err1
  100/600 · ok94/nf5/err1
  110/600 · ok104/nf5/err1
  120/600 · ok114/nf5/err1
  130/600 · ok123/nf6/err1
  140/600 · ok133/nf6/err1
  150/600 · ok143/nf6/err1
  160/600 · ok153/nf6/err1
  170/600 · ok163/nf6/err1
  180/600 · ok173/nf6/err1
  190/600 · ok182/nf7/err1
  200/600 · ok191/nf8/err1
  210/600 · ok201/nf8/err1
  220/600 · ok210/nf9/err1
  230/600 · ok219/nf10/err1
  240/600 · ok228/nf11/err1
  250/600 · ok237/nf12/err1
  260/600 · ok245/nf14/err1
  270/600 · ok255/nf14/err1
  280/600 · ok264/nf15/err1
  290/600 · ok274/nf15/err1
  300/600 · ok283/nf16/err1
  310/600 · ok293/nf16/err1
  320/600 · ok303/nf16/err1
  330/600 · ok312/nf17/err1
  340/600 · ok322/nf17/err1
  350/600 · ok332/nf17/err1
  360/600 · ok341/nf18/err1
  370/600 · ok351/nf18/err1
  380/600 · ok361/nf18/err1
  390/600 · ok370/nf19/err1
  400/600 · ok380/nf19/err1
  410/600 · ok388/nf21/err1
  420/600 · ok397/nf22/err1
  430/600 · ok405/nf24/err1
  440/600 · ok415/nf24/err1
  450/600 · ok425/nf24/err1
  460/600 · ok434/nf25/err1
  470/600 · ok443/nf26/err1
  480/600 · ok452/nf27/err1
  490/600 · ok462/nf27/err1
  500/600 · ok472/nf27/err1
  510/600 · ok481/nf28/err1
  520/600 · ok491/nf28/err1
  530/600 · ok500/nf29/err1
  540/600 · ok510/nf29/err1
  550/600 · ok519/nf30/err1
  560/600 · ok528/nf31/err1
  570/600 · ok537/nf32/err1
  580/600 · ok547/nf32/err1
  590/600 · ok557/nf32/err1
  600/600 · ok567/nf32/err1
[수집 완료] ok 567 · not_found 32 · error 1
[진행] 명단 5490 · 수집 1334 · 미발견 74 · 에러 1 · 남음 4081
===== 2026-09-20 16:16:32 종료 =====
===== 2026-09-21 02:27:46 야간 배치 시작 (cap 600) =====
[수집] 대상 600곳 시작
  10/600 · ok10/nf0/err0
  20/600 · ok20/nf0/err0
2026-09-21 07:45:59 이전 배치 실행중 — 건너뜀
  30/600 · ok29/nf1/err0
  40/600 · ok39/nf1/err0
  50/600 · ok48/nf2/err0
  60/600 · ok56/nf4/err0
  70/600 · ok65/nf5/err0
  80/600 · ok75/nf5/err0
  90/600 · ok84/nf6/err0
  100/600 · ok92/nf8/err0
  110/600 · ok102/nf8/err0
  120/600 · ok111/nf9/err0
  130/600 · ok120/nf10/err0
  140/600 · ok130/nf10/err0
  150/600 · ok140/nf10/err0
  160/600 · ok150/nf10/err0
  170/600 · ok160/nf10/err0
  180/600 · ok169/nf11/err0
  190/600 · ok179/nf11/err0
  200/600 · ok189/nf11/err0
  210/600 · ok199/nf11/err0
  220/600 · ok209/nf11/err0
  230/600 · ok219/nf11/err0
  240/600 · ok229/nf11/err0
  250/600 · ok239/nf11/err0
  260/600 · ok248/nf12/err0
  270/600 · ok258/nf12/err0
  280/600 · ok268/nf12/err0
  290/600 · ok276/nf14/err0
  300/600 · ok285/nf15/err0
  310/600 · ok295/nf15/err0
  320/600 · ok304/nf16/err0
  330/600 · ok313/nf17/err0
  340/600 · ok323/nf17/err0
  350/600 · ok331/nf19/err0
  360/600 · ok341/nf19/err0
  370/600 · ok351/nf19/err0
  380/600 · ok361/nf19/err0
  390/600 · ok371/nf19/err0
  400/600 · ok381/nf19/err0
  410/600 · ok389/nf21/err0
  420/600 · ok399/nf21/err0
  430/600 · ok407/nf23/err0
  440/600 · ok414/nf26/err0
  450/600 · ok423/nf27/err0
  460/600 · ok432/nf28/err0
  470/600 · ok442/nf28/err0
  480/600 · ok452/nf28/err0
  490/600 · ok461/nf29/err0
  500/600 · ok470/nf30/err0
  510/600 · ok480/nf30/err0
  520/600 · ok487/nf33/err0
  530/600 · ok497/nf33/err0
  540/600 · ok503/nf37/err0
  550/600 · ok513/nf37/err0
  560/600 · ok521/nf39/err0
  570/600 · ok530/nf40/err0
  580/600 · ok537/nf43/err0
  590/600 · ok546/nf44/err0
  600/600 · ok556/nf44/err0
[수집 완료] ok 556 · not_found 44 · error 0
[진행] 명단 5490 · 수집 1890 · 미발견 118 · 에러 0 · 남음 3482
===== 2026-09-21 09:29:30 종료 =====
===== 2026-09-22 02:41:22 야간 배치 시작 (cap 600) =====
[수집] 대상 600곳 시작
  10/600 · ok9/nf1/err0
  20/600 · ok19/nf1/err0
===== 2026-09-22 11:16:06 야간 배치 시작 (cap 600) =====
[수집] 대상 600곳 시작
  10/600 · ok8/nf2/err0
  20/600 · ok16/nf4/err0
  30/600 · ok23/nf7/err0
  40/600 · ok32/nf8/err0
  50/600 · ok42/nf8/err0
  60/600 · ok51/nf9/err0
  70/600 · ok60/nf10/err0
  80/600 · ok70/nf10/err0
  90/600 · ok79/nf11/err0
  100/600 · ok89/nf11/err0
  110/600 · ok99/nf11/err0
  120/600 · ok107/nf13/err0
  130/600 · ok115/nf15/err0
  140/600 · ok125/nf15/err0
  150/600 · ok133/nf17/err0
  160/600 · ok143/nf17/err0
  170/600 · ok153/nf17/err0
  180/600 · ok161/nf19/err0
  190/600 · ok170/nf20/err0
  200/600 · ok179/nf21/err0
  210/600 · ok188/nf22/err0
  220/600 · ok198/nf22/err0
  230/600 · ok207/nf23/err0
  240/600 · ok215/nf25/err0
  250/600 · ok225/nf25/err0
  260/600 · ok235/nf25/err0
  270/600 · ok245/nf25/err0
  280/600 · ok255/nf25/err0
  290/600 · ok265/nf25/err0
  300/600 · ok274/nf26/err0
  310/600 · ok284/nf26/err0
  320/600 · ok294/nf26/err0
  330/600 · ok304/nf26/err0
  340/600 · ok312/nf28/err0
  350/600 · ok320/nf30/err0
  360/600 · ok328/nf32/err0
  370/600 · ok336/nf34/err0
  380/600 · ok343/nf37/err0
  390/600 · ok350/nf40/err0
  400/600 · ok359/nf41/err0
  410/600 · ok369/nf41/err0
  420/600 · ok379/nf41/err0
  430/600 · ok389/nf41/err0
  440/600 · ok399/nf41/err0
  450/600 · ok409/nf41/err0
  460/600 · ok417/nf43/err0
  470/600 · ok426/nf44/err0
  480/600 · ok435/nf45/err0
  490/600 · ok444/nf46/err0
  500/600 · ok454/nf46/err0
  510/600 · ok464/nf46/err0
  520/600 · ok474/nf46/err0
  530/600 · ok483/nf47/err0
  540/600 · ok492/nf48/err0
  550/600 · ok501/nf49/err0
  560/600 · ok510/nf50/err0
  570/600 · ok517/nf53/err0
  580/600 · ok523/nf57/err0
  590/600 · ok533/nf57/err0
  600/600 · ok543/nf57/err0
[수집 완료] ok 543 · not_found 57 · error 0
[진행] 명단 5490 · 수집 2454 · 미발견 176 · 에러 0 · 남음 2860
===== 2026-09-22 13:10:23 종료 =====
===== 2026-09-23 02:11:44 야간 배치 시작 (cap 600) =====
[수집] 대상 600곳 시작
  10/600 · ok8/nf2/err0
  20/600 · ok17/nf3/err0
  30/600 · ok27/nf3/err0
  40/600 · ok36/nf4/err0
  50/600 · ok44/nf6/err0
  60/600 · ok53/nf7/err0
  70/600 · ok62/nf8/err0
  80/600 · ok71/nf9/err0
  90/600 · ok80/nf10/err0
  100/600 · ok90/nf10/err0
  110/600 · ok99/nf11/err0
  120/600 · ok108/nf12/err0
  130/600 · ok117/nf13/err0
  140/600 · ok127/nf13/err0
  150/600 · ok137/nf13/err0
  160/600 · ok146/nf14/err0
  170/600 · ok156/nf14/err0
  180/600 · ok165/nf15/err0
  190/600 · ok174/nf16/err0
  200/600 · ok184/nf16/err0
  210/600 · ok192/nf18/err0
  220/600 · ok201/nf19/err0
  230/600 · ok211/nf19/err0
  240/600 · ok221/nf19/err0
  250/600 · ok229/nf21/err0
  260/600 · ok238/nf22/err0
  270/600 · ok248/nf22/err0
  280/600 · ok256/nf24/err0
  290/600 · ok266/nf24/err0
  300/600 · ok276/nf24/err0
  310/600 · ok284/nf26/err0
  320/600 · ok293/nf27/err0
  330/600 · ok302/nf28/err0
  340/600 · ok310/nf30/err0
  350/600 · ok319/nf31/err0
  360/600 · ok329/nf31/err0
  370/600 · ok335/nf35/err0
  380/600 · ok339/nf41/err0
  390/600 · ok345/nf45/err0
  400/600 · ok348/nf52/err0
  410/600 · ok353/nf57/err0
  420/600 · ok356/nf64/err0
  430/600 · ok362/nf68/err0
  440/600 · ok369/nf71/err0
  450/600 · ok378/nf72/err0
  460/600 · ok386/nf74/err0
  470/600 · ok394/nf76/err0
  480/600 · ok404/nf76/err0
  490/600 · ok414/nf76/err0
  500/600 · ok420/nf80/err0
  510/600 · ok427/nf83/err0
  520/600 · ok435/nf85/err0
  530/600 · ok442/nf88/err0
  540/600 · ok451/nf89/err0
  550/600 · ok459/nf91/err0
  560/600 · ok467/nf93/err0
  570/600 · ok477/nf93/err0
  580/600 · ok486/nf94/err0
  590/600 · ok495/nf95/err0
  600/600 · ok504/nf96/err0
[수집 완료] ok 504 · not_found 96 · error 0
[진행] 명단 5490 · 수집 2958 · 미발견 272 · 에러 0 · 남음 2260
===== 2026-09-23 22:58:07 종료 =====
===== 2026-09-24 02:00:02 야간 배치 시작 (cap 600) =====
[수집] 대상 600곳 시작
  10/600 · ok9/nf1/err0
  20/600 · ok18/nf2/err0
  30/600 · ok26/nf4/err0
  40/600 · ok31/nf9/err0
  50/600 · ok40/nf10/err0
  60/600 · ok45/nf15/err0
  70/600 · ok51/nf19/err0
  80/600 · ok58/nf22/err0
  90/600 · ok66/nf24/err0
  100/600 · ok73/nf27/err0
  110/600 · ok80/nf30/err0
  120/600 · ok87/nf33/err0
  130/600 · ok92/nf38/err0
  140/600 · ok98/nf42/err0
  150/600 · ok105/nf45/err0
  160/600 · ok109/nf51/err0
  170/600 · ok115/nf55/err0
  180/600 · ok121/nf59/err0
  190/600 · ok129/nf61/err0
  200/600 · ok137/nf63/err0
  210/600 · ok145/nf65/err0
  220/600 · ok148/nf72/err0
  230/600 · ok154/nf76/err0
  240/600 · ok162/nf78/err0
  250/600 · ok168/nf82/err0
  260/600 · ok176/nf84/err0
  270/600 · ok182/nf88/err0
  280/600 · ok187/nf93/err0
  290/600 · ok195/nf95/err0
  300/600 · ok199/nf101/err0
  310/600 · ok207/nf103/err0
  320/600 · ok213/nf107/err0
  330/600 · ok222/nf108/err0
  340/600 · ok231/nf109/err0
  350/600 · ok241/nf109/err0
  360/600 · ok248/nf112/err0
  370/600 · ok256/nf114/err0
  380/600 · ok265/nf115/err0
  390/600 · ok272/nf118/err0
  400/600 · ok277/nf123/err0
  410/600 · ok285/nf125/err0
  420/600 · ok291/nf129/err0
  430/600 · ok300/nf130/err0
  440/600 · ok305/nf135/err0
  450/600 · ok310/nf140/err0
  460/600 · ok319/nf141/err0
  470/600 · ok327/nf143/err0
  480/600 · ok336/nf144/err0
  490/600 · ok344/nf146/err0
  500/600 · ok352/nf148/err0
  510/600 · ok361/nf149/err0
  520/600 · ok368/nf152/err0
  530/600 · ok377/nf153/err0
  540/600 · ok385/nf155/err0
  550/600 · ok391/nf159/err0
  560/600 · ok393/nf167/err0
  570/600 · ok396/nf174/err0
  580/600 · ok403/nf177/err0
  590/600 · ok407/nf183/err0
  600/600 · ok411/nf189/err0
[수집 완료] ok 411 · not_found 189 · error 0
[진행] 명단 5490 · 수집 3369 · 미발견 461 · 에러 0 · 남음 1660
===== 2026-09-24 04:12:29 종료 =====
